../Drivers/STM32L4xx_HAL_Driver/Inc/stm32l4xx_ll_utils.h:203:26:LL_GetUID_Word0	4	static
../Drivers/STM32L4xx_HAL_Driver/Inc/stm32l4xx_ll_utils.h:212:26:LL_GetUID_Word1	4	static
../Drivers/STM32L4xx_HAL_Driver/Inc/stm32l4xx_ll_utils.h:221:26:LL_GetUID_Word2	4	static
../Drivers/STM32L4xx_HAL_Driver/Inc/stm32l4xx_ll_utils.h:232:26:LL_GetFlashSize	4	static
../Drivers/STM32L4xx_HAL_Driver/Inc/stm32l4xx_ll_gpio.h:1014:22:LL_GPIO_TogglePin	24	static
../Core/Src/main.c:84:5:__io_putchar	16	static
../Core/Src/main.c:90:6:HAL_GPIO_EXTI_Callback	16	static
../Core/Src/main.c:108:5:main	408	static
../Core/Src/main.c:216:6:SystemClock_Config	96	static
../Core/Src/main.c:277:13:MX_DFSDM1_Init	8	static
../Core/Src/main.c:315:13:MX_I2C2_Init	8	static
../Core/Src/main.c:363:13:MX_QUADSPI_Init	8	static
../Core/Src/main.c:396:13:MX_SPI3_Init	8	static
../Core/Src/main.c:436:13:MX_UART4_Init	8	static
../Core/Src/main.c:471:13:MX_USART1_UART_Init	8	static
../Core/Src/main.c:506:13:MX_USART3_UART_Init	8	static
../Core/Src/main.c:541:13:MX_USB_OTG_FS_PCD_Init	8	static
../Core/Src/main.c:576:13:MX_GPIO_Init	48	static
../Core/Src/main.c:755:13:DEMO_Init	4	static
../Core/Src/main.c:767:6:Error_Handler	4	static,ignoring_inline_asm
