../Core/Src/main.c:83:5:main	40	static
../Core/Src/main.c:147:6:SystemClock_Config	96	static
../Core/Src/main.c:208:13:MX_DFSDM1_Init	8	static
../Core/Src/main.c:246:13:MX_I2C2_Init	8	static
../Core/Src/main.c:294:13:MX_QUADSPI_Init	8	static
../Core/Src/main.c:327:13:MX_SPI3_Init	8	static
../Core/Src/main.c:367:13:MX_USART1_UART_Init	8	static
../Core/Src/main.c:402:13:MX_USART3_UART_Init	8	static
../Core/Src/main.c:437:13:MX_USB_OTG_FS_PCD_Init	8	static
../Core/Src/main.c:472:13:MX_GPIO_Init	48	static
../Core/Src/main.c:666:6:Error_Handler	4	static,ignoring_inline_asm
