10:43:37 **** Incremental Build of configuration Debug for project HelloUART ****
make -j9 all 
arm-none-eabi-gcc "../Core/Src/main.c" -mcpu=cortex-m4 -std=gnu11 -g3 -DDEBUG -DUSE_HAL_DRIVER -DSTM32L475xx -c -I../Core/Inc -I../Drivers/STM32L4xx_HAL_Driver/Inc -I../Drivers/STM32L4xx_HAL_Driver/Inc/Legacy -I../Drivers/CMSIS/Device/ST/STM32L4xx/Include -I../Drivers/CMSIS/Include -O0 -ffunction-sections -fdata-sections -Wall -fstack-usage -fcyclomatic-complexity -MMD -MP -MF"Core/Src/main.d" -MT"Core/Src/main.o" --specs=nano.specs -mfpu=fpv4-sp-d16 -mfloat-abi=hard -mthumb -o "Core/Src/main.o"
../Core/Src/main.c: In function 'main':
../Core/Src/main.c:134:11: warning: implicit declaration of function 'sprintf' [-Wimplicit-function-declaration]
  134 |           sprintf(msg, "UART1: %d, ", counter);
      |           ^~~~~~~
../Core/Src/main.c:21:1: note: include '<stdio.h>' or provide a declaration of 'sprintf'
   20 | #include "main.h"
  +++ |+#include <stdio.h>
   21 | 
../Core/Src/main.c:134:11: warning: incompatible implicit declaration of built-in function 'sprintf' [-Wbuiltin-declaration-mismatch]
  134 |           sprintf(msg, "UART1: %d, ", counter);
      |           ^~~~~~~
../Core/Src/main.c:134:11: note: include '<stdio.h>' or provide a declaration of 'sprintf'
../Core/Src/main.c:135:21: warning: implicit declaration of function 'strlen' [-Wimplicit-function-declaration]
  135 |           int len = strlen(msg) + 1;
      |                     ^~~~~~
../Core/Src/main.c:21:1: note: include '<string.h>' or provide a declaration of 'strlen'
   20 | #include "main.h"
  +++ |+#include <string.h>
   21 | 
../Core/Src/main.c:135:21: warning: incompatible implicit declaration of built-in function 'strlen' [-Wbuiltin-declaration-mismatch]
  135 |           int len = strlen(msg) + 1;
      |                     ^~~~~~
../Core/Src/main.c:135:21: note: include '<string.h>' or provide a declaration of 'strlen'
arm-none-eabi-gcc -o "HelloUART.elf" @"objects.list"   -mcpu=cortex-m4 -T"/Users/dilnozabobokalonova/embedded_c/STM32-L4/HelloUART/STM32L475VGTX_FLASH.ld" --specs=nosys.specs -Wl,-Map="HelloUART.map" -Wl,--gc-sections -static --specs=nano.specs -mfpu=fpv4-sp-d16 -mfloat-abi=hard -mthumb -Wl,--start-group -lc -lm -Wl,--end-group
Finished building target: HelloUART.elf
 
arm-none-eabi-size   HelloUART.elf 
arm-none-eabi-objdump -h -S  HelloUART.elf  > "HelloUART.list"
   text	   data	    bss	    dec	    hex	filename
  22000	    100	   3812	  25912	   6538	HelloUART.elf
Finished building: default.size.stdout
 
Finished building: HelloUART.list
 

10:43:38 Build Finished. 0 errors, 4 warnings. (took 827ms)

